// Jest Snapshot v1, https://goo.gl/fbAQLP

exports[`PickedAppointmentModal should render PickedAppointmentModal 1`] = `
<Modal
  animation={false}
  autoFocus={true}
  backdrop={true}
  backdropClassName="customBackDropModal"
  centered={true}
  className="encounterModal"
  dialogAs={
    Object {
      "$$typeof": Symbol(react.forward_ref),
      "render": [Function],
    }
  }
  dialogClassName="customWidthModal"
  enforceFocus={true}
  keyboard={true}
  onHide={[Function]}
  restoreFocus={true}
  show={true}
  size="lg"
>
  <ModalHeader
    className="encounterModalHeader"
    closeButton={false}
    closeLabel="Close"
  >
    <ModalTitle
      className="encounterModalHeaderTitle"
    >
      Garcia Lucas
    </ModalTitle>
  </ModalHeader>
  <ModalBody
    className="encounterModalBody"
  >
    <ModalTitle
      className="encounterModalBodyTitle text-nowrap"
    >
      Are you sure you want to launch this appointment?
    </ModalTitle>
    <ul
      className="encounterModalBodyList"
    >
      <li
        className="encounterModalBodyListItem"
      >
        <Avatar
          alt="Patricia Ling"
          role="MedicalDoctor"
          src=""
          width={1.69}
        />
        <span>
          Dr. Ling
        </span>
      </li>
      <li
        className="encounterModalBodyListItem"
      >
        <img
          alt=""
          src="supervised-user-violet.svg"
        />
        <span>
          Wellness Check
        </span>
      </li>
      <li
        className="encounterModalBodyListItem"
      >
        <img
          alt=""
          src="clock-violet.svg"
        />
        <span>
          10:30 am - 11:00 am
        </span>
      </li>
    </ul>
  </ModalBody>
  <ModalFooter
    className="encounterModalFooter"
  >
    <Button
      active={false}
      className="encounterModalFooterCancel"
      disabled={false}
      onClick={[Function]}
      variant="secondary"
    >
      Cancel
    </Button>
    <Button
      active={false}
      className="encounterModalFooterLaunch"
      disabled={false}
      onClick={[Function]}
      variant="primary"
    >
      Launch
    </Button>
  </ModalFooter>
</Modal>
`;
