// Jest Snapshot v1, https://goo.gl/fbAQLP

exports[`WidgetTitle should match snapshot 1`] = `
<h2
  className="cvWidgetTitle"
>
  Mock Title
</h2>
`;
